D:\BrAutomation45\tollko_plc\Logical\Global.typ
D:\BrAutomation45\tollko_plc\Logical\Global.var
D:\BrAutomation45\tollko_plc\Logical\Libraries\operator\operator.fun
D:\BrAutomation45\tollko_plc\Logical\Libraries\operator\operator.typ
D:\BrAutomation45\tollko_plc\Logical\Libraries\operator\operator.var
D:\BrAutomation45\tollko_plc\Logical\Libraries\runtime\runtime.fun
D:\BrAutomation45\tollko_plc\Logical\Libraries\runtime\runtime.typ
D:\BrAutomation45\tollko_plc\Logical\Libraries\runtime\runtime.var
D:\BrAutomation45\tollko_plc\Logical\Libraries\astime\astime.fun
D:\BrAutomation45\tollko_plc\Logical\Libraries\astime\astime.typ
D:\BrAutomation45\tollko_plc\Logical\Libraries\astime\astime.var
D:\BrAutomation45\tollko_plc\Logical\Libraries\AsIecCon\AsIecCon.fun
D:\BrAutomation45\tollko_plc\Logical\Libraries\AsIecCon\AsIecCon.typ
D:\BrAutomation45\tollko_plc\Logical\Libraries\AsIecCon\AsIecCon.var
D:\BrAutomation45\tollko_plc\Logical\Libraries\MotorCtrl\Types.typ
D:\BrAutomation45\tollko_plc\Logical\Libraries\MotorCtrl\Constants.var
D:\BrAutomation45\tollko_plc\Logical\Libraries\MotorCtrl\MotorCtrl.fun
